#Nafeesah Assignment 2 Question 4

#1
% git clone https://github.com/Bunmi-Ola/group-1_linux-assignment.git
Cloning into 'group-1_linux-assignment'...
remote: Enumerating objects: 6, done.
remote: Counting objects: 100% (6/6), done.
remote: Compressing objects: 100% (4/4), done.
remote: Total 6 (delta 0), reused 0 (delta 0), pack-reused 0
Receiving objects: 100% (6/6), done.

#2
% git checkout -b nafeesahassignment2
Switched to a new branch 'nafeesahassignment2'
modupeadelaja@Modupes-MacBook-Air-S group-1_linux-assignment % touch 10gitcmds    

#3
% git status    
On branch nafeesahassignment2
Untracked files:
  (use "git add <file>..." to include in what will be committed)
	10gitcmds
	Linux Assignment A - Nafeesah.pdf

nothing added to commit but untracked files present (use "git add" to track)

#4
% git log
commit 217bd790f6b3e623b96a7b333e52a1281d8e3442 (HEAD -> nafeesahassignment2, origin/main, origin/HEAD, main)
Author: Bunmi-Ola <51763820+Bunmi-Ola@users.noreply.github.com>
Date:   Tue May 10 17:32:43 2022 -0600

    Update README.md

commit 254c14d9508262c8d4a722ae8130f9296774cd96
Author: Bunmi-Ola <51763820+Bunmi-Ola@users.noreply.github.com>
Date:   Tue May 10 17:28:51 2022 -0600

    Initial commit

#5
% git branch
  main
* nafeesahassignment2

#6
% git config --list
credential.helper=osxkeychain
user.email=dupe.adelaj@gmail.com
user.name=Gem07
alias.lol=log --oneline --graph --decorate --all
color.ui=auto
core.repositoryformatversion=0
core.filemode=true
core.bare=false
core.logallrefupdates=true
core.ignorecase=true
core.precomposeunicode=true
remote.origin.url=https://github.com/Bunmi-Ola/group-1_linux-assignment.git
remote.origin.fetch=+refs/heads/*:refs/remotes/origin/*
branch.main.remote=origin
branch.main.merge=refs/heads/main

#7
% git version
git version 2.32.0 (Apple Git-132)

#8
% git init
Reinitialized existing Git repository in /Users/modupeadelaja/DevOps/GitHub/group-1_linux-assignment/.git/

#9
% git status
On branch master

No commits yet

Untracked files:
  (use "git add <file>..." to include in what will be committed)
	.DS_Store
	DevOps_GitHub_wkspc.code-workspace
	Linux Assignment A - Nafeesah.pdf
	Nafeesah_Terraform/
	blacktechprojects/
	bth-devops/
	group-1_linux-assignment/
	linux-commands-practice.txt
	python-backend-app/
	samplefor-Blacktech/
	scratch/

nothing added to commit but untracked files present (use "git add" to track)

#10
% git log --oneline --graph
* 217bd79 (HEAD -> nafeesahassignment2, origin/main, origin/HEAD, main) Update README.md
* 254c14d Initial commit

#11
% git switch main
Switched to branch 'main'
Your branch is up to date with 'origin/main'.

% git switch nafeesahassignment2
Switched to branch 'nafeesahassignment2'
modupeadelaja@Modupes-MacBook-Air-S group-1_linux-assignment % git status
On branch nafeesahassignment2
Untracked files:
  (use "git add <file>..." to include in what will be committed)
	10gitcmds
	Linux Assignment A - Nafeesah.pdf

nothing added to commit but untracked files present (use "git add" to track)

